// Jest Snapshot v1, https://goo.gl/fbAQLP

exports[`Center - snapshot test 1`] = `
<section
  className="Center-s1591g59-0 fxlYbf"
/>
`;
