// Jest Snapshot v1, https://goo.gl/fbAQLP

exports[`Page - snapshot test 1`] = `
<section
  className="Page-s1tu64uk-0 dtuksh"
/>
`;
