// Jest Snapshot v1, https://goo.gl/fbAQLP

exports[`Text - snapshot test 1`] = `
<span
  className="Text-s4x4i9j-0 nEZDy"
/>
`;
